exports[`TextareaWidget should render a single textarea widget 1`] = `<textarea />`;
